
https://af.wikipedia.org/wiki/Berlyn
https://als.wikipedia.org/wiki/Berlin
https://am.wikipedia.org/wiki/በርሊን
https://an.wikipedia.org/wiki/Berlín
https://ar.wikipedia.org/wiki/برلين
https://arz.wikipedia.org/wiki/بيرلين
https://ast.wikipedia.org/wiki/Berlín
https://az.wikipedia.org/wiki/Berlin
https://azb.wikipedia.org/wiki/برلین
https://ba.wikipedia.org/wiki/Берлин
https://bar.wikipedia.org/wiki/Berlin
https://be.wikipedia.org/wiki/Берлін
https://bg.wikipedia.org/wiki/Берлин
https://bn.wikipedia.org/wiki/বার্লিন
https://br.wikipedia.org/wiki/Berlin
https://bs.wikipedia.org/wiki/Berlin
https://ca.wikipedia.org/wiki/Berlín
https://ce.wikipedia.org/wiki/Берлин
https://ceb.wikipedia.org/wiki/Berlin
https://ckb.wikipedia.org/wiki/بەرلین
https://commons.wikipedia.org/wiki/Berlin
https://cs.wikipedia.org/wiki/Berlín
https://cs.wikipedia.org/wiki/Český_(rozcestník)
https://cv.wikipedia.org/wiki/Берлин
https://cy.wikipedia.org/wiki/Berlin
https://da.wikipedia.org/wiki/Berlin
https://de.wikipedia.org/wiki/Arthur_Schopenhauer
https://de.wikipedia.org/wiki/Berlin
https://el.wikipedia.org/wiki/Βερολίνο
https://en.wikipedia.org/wiki/%3F_(film)
https://en.wikipedia.org/wiki/%60Abdu%27l-Bah%C3%A1
https://en.wikipedia.org/wiki/2022_Winter_Olympics
https://en.wikipedia.org/wiki/Abraham_Lincoln
https://en.wikipedia.org/wiki/Act_Prohibiting_the_Return_of_Slaves
https://en.wikipedia.org/wiki/Albert_Einstein
https://en.wikipedia.org/wiki/Alois_von_Reding
https://en.wikipedia.org/wiki/American_Civil_War
https://en.wikipedia.org/wiki/Angela_Merkel
https://en.wikipedia.org/wiki/Arthur_Schopenhauer
https://en.wikipedia.org/wiki/Article_(publishing)
https://en.wikipedia.org/wiki/Arts_journalism
https://en.wikipedia.org/wiki/Asda
https://en.wikipedia.org/wiki/Astronomy
https://en.wikipedia.org/wiki/Atlantic_Ocean
https://en.wikipedia.org/wiki/Authorization
https://en.wikipedia.org/wiki/BBC
https://en.wikipedia.org/wiki/Bell_Labs
https://en.wikipedia.org/wiki/Berlin
https://en.wikipedia.org/wiki/Bohai_Sea
https://en.wikipedia.org/wiki/Business_journalism
https://en.wikipedia.org/wiki/Cambridge,_Massachusetts
https://en.wikipedia.org/wiki/Carioca
https://en.wikipedia.org/wiki/Catholic_Church
https://en.wikipedia.org/wiki/China
https://en.wikipedia.org/wiki/Chinese_art
https://en.wikipedia.org/wiki/Chinese_ritual_bronzes
https://en.wikipedia.org/wiki/Civic_journalism
https://en.wikipedia.org/wiki/Contraband_(American_Civil_War)
https://en.wikipedia.org/wiki/Cosmic_microwave_background
https://en.wikipedia.org/wiki/County_(United_States)
https://en.wikipedia.org/wiki/County_of_Artois
https://en.wikipedia.org/wiki/Dahlak_SC
https://en.wikipedia.org/wiki/Data
https://en.wikipedia.org/wiki/Data_(Star_Trek)
https://en.wikipedia.org/wiki/Digital_journalism
https://en.wikipedia.org/wiki/Ebook
https://en.wikipedia.org/wiki/Electronic_publishing
https://en.wikipedia.org/wiki/Elizabeth_I
https://en.wikipedia.org/wiki/Experimental_archaeology
https://en.wikipedia.org/wiki/Ferdinand_Piëch
https://en.wikipedia.org/wiki/Food_(disambiguation)
https://en.wikipedia.org/wiki/French_Consulate
https://en.wikipedia.org/wiki/French_Directory
https://en.wikipedia.org/wiki/French_Revolution
https://en.wikipedia.org/wiki/Harvard_University
https://en.wikipedia.org/wiki/Helvetic_Republic
https://en.wikipedia.org/wiki/History_of_Europe
https://en.wikipedia.org/wiki/IBM
https://en.wikipedia.org/wiki/IKEA
https://en.wikipedia.org/wiki/Information_security
https://en.wikipedia.org/wiki/International_Committee_on_Intellectual_Cooperation
https://en.wikipedia.org/wiki/Italian_language
https://en.wikipedia.org/wiki/Jim_Pewter
https://en.wikipedia.org/wiki/Kerala_Agricultural_University
https://en.wikipedia.org/wiki/Kingdom_of_Great_Britain
https://en.wikipedia.org/wiki/Latin
https://en.wikipedia.org/wiki/Legislative_system
https://en.wikipedia.org/wiki/Legitimacy_(political)
https://en.wikipedia.org/wiki/List_of_metropolitan_statistical_areas
https://en.wikipedia.org/wiki/Madison_Avenue
https://en.wikipedia.org/wiki/Masashi_Kishimoto
https://en.wikipedia.org/wiki/Massachusetts
https://en.wikipedia.org/wiki/Massachusetts_Institute_of_Technology
https://en.wikipedia.org/wiki/Middle_Ages
https://en.wikipedia.org/wiki/Mini_(Mark_I)
https://en.wikipedia.org/wiki/Moldoveanu_Peak
https://en.wikipedia.org/wiki/Murray_Hill,_Manhattan
https://en.wikipedia.org/wiki/Murray_Hill,_New_Jersey
https://en.wikipedia.org/wiki/N.EX.T
https://en.wikipedia.org/wiki/Napoleonic_Wars
https://en.wikipedia.org/wiki/Naruto
https://en.wikipedia.org/wiki/Naruto_Uzumaki
https://en.wikipedia.org/wiki/New_York_City
https://en.wikipedia.org/wiki/Northern_United_States
https://en.wikipedia.org/wiki/Old_Swiss_Confederacy
https://en.wikipedia.org/wiki/Physics
https://en.wikipedia.org/wiki/Prahova_Valley
https://en.wikipedia.org/wiki/Print_syndication
https://en.wikipedia.org/wiki/Private_university
https://en.wikipedia.org/wiki/Publishing
https://en.wikipedia.org/wiki/Pulitzer_Prize
https://en.wikipedia.org/wiki/Quantum_mechanics
https://en.wikipedia.org/wiki/Queen%27s_Awards_for_Enterprise
https://en.wikipedia.org/wiki/Ranma_½
https://en.wikipedia.org/wiki/Redd_Kross
https://en.wikipedia.org/wiki/Ren_%26_Stimpy_%22Adult_Party_Cartoon%22
https://en.wikipedia.org/wiki/Richard_Söderberg
https://en.wikipedia.org/wiki/Rio_de_Janeiro
https://en.wikipedia.org/wiki/Robert_Murray_(merchant)
https://en.wikipedia.org/wiki/Robert_Woodrow_Wilson
https://en.wikipedia.org/wiki/Roman_Republic
https://en.wikipedia.org/wiki/Romania
https://en.wikipedia.org/wiki/Rome
https://en.wikipedia.org/wiki/Samsung
https://en.wikipedia.org/wiki/Seventeen_Provinces
https://en.wikipedia.org/wiki/Southern_Carpathians
https://en.wikipedia.org/wiki/Sovereignty
https://en.wikipedia.org/wiki/Star_Trek
https://en.wikipedia.org/wiki/Star_Trek:_Enterprise
https://en.wikipedia.org/wiki/Stone_Age
https://en.wikipedia.org/wiki/Switzerland
https://en.wikipedia.org/wiki/System
https://en.wikipedia.org/wiki/Tax_break
https://en.wikipedia.org/wiki/The_Amazing_Spider-Man_(2012_film)
https://en.wikipedia.org/wiki/The_New_York_Times
https://en.wikipedia.org/wiki/The_Ren_%26_Stimpy_Show
https://en.wikipedia.org/wiki/Theodor_von_Reding
https://en.wikipedia.org/wiki/Tianjin
https://en.wikipedia.org/wiki/UNESCO
https://en.wikipedia.org/wiki/Ukraine
https://en.wikipedia.org/wiki/Vatican_City
https://en.wikipedia.org/wiki/Vehicle_registration_plates_of_China
https://en.wikipedia.org/wiki/William_Safire
https://en.wikipedia.org/wiki/Yellow_River
https://en.wikipedia.org/wiki/Zhou_dynasty
https://eo.wikipedia.org/wiki/Berlino
https://es.wikipedia.org/wiki/Berlín
https://et.wikipedia.org/wiki/Berliin
https://eu.wikipedia.org/wiki/Berlin
https://fa.wikipedia.org/wiki/برلین
https://fi.wikipedia.org/wiki/Berliini
https://fo.wikipedia.org/wiki/Berlin
https://fr.wikipedia.org/wiki/Alphabet_cyrillique
https://fr.wikipedia.org/wiki/Amérique_du_Nord
https://fr.wikipedia.org/wiki/Antoine_Meillet
https://fr.wikipedia.org/wiki/Antonio_Serra_(philosophe)
https://fr.wikipedia.org/wiki/Astronomie
https://fr.wikipedia.org/wiki/Astrophysique
https://fr.wikipedia.org/wiki/Autriche
https://fr.wikipedia.org/wiki/Berlin
https://fr.wikipedia.org/wiki/Biologie
https://fr.wikipedia.org/wiki/Biélorusse
https://fr.wikipedia.org/wiki/Calabre
https://fr.wikipedia.org/wiki/Carl_von_Linné
https://fr.wikipedia.org/wiki/Centre_de_l%27Europe
https://fr.wikipedia.org/wiki/Centre_géographique
https://fr.wikipedia.org/wiki/Chimie
https://fr.wikipedia.org/wiki/Collaboration
https://fr.wikipedia.org/wiki/Communauté
https://fr.wikipedia.org/wiki/Communauté_scientifique
https://fr.wikipedia.org/wiki/Contexte_(communication)
https://fr.wikipedia.org/wiki/Culture_gallo-romaine
https://fr.wikipedia.org/wiki/Discipline_(spécialité)
https://fr.wikipedia.org/wiki/Empire_russe
https://fr.wikipedia.org/wiki/Environnement
https://fr.wikipedia.org/wiki/Europe_centrale
https://fr.wikipedia.org/wiki/Exploitation_agricole
https://fr.wikipedia.org/wiki/Facteur_biotique
https://fr.wikipedia.org/wiki/George_Washington
https://fr.wikipedia.org/wiki/Géographie
https://fr.wikipedia.org/wiki/Intelligence
https://fr.wikipedia.org/wiki/Interaction_sociale
https://fr.wikipedia.org/wiki/Italie
https://fr.wikipedia.org/wiki/Langues_slaves
https://fr.wikipedia.org/wiki/Libre-échange
https://fr.wikipedia.org/wiki/Locomotion
https://fr.wikipedia.org/wiki/Maison_à_la_cour_en_U_de_Vieux-la-Romaine
https://fr.wikipedia.org/wiki/Martha_Washington
https://fr.wikipedia.org/wiki/Mer_du_Japon
https://fr.wikipedia.org/wiki/Mercantilisme
https://fr.wikipedia.org/wiki/Mexique
https://fr.wikipedia.org/wiki/Modélisation
https://fr.wikipedia.org/wiki/Mondialisation
https://fr.wikipedia.org/wiki/Morphologie_(biologie)
https://fr.wikipedia.org/wiki/Mount_Vernon
https://fr.wikipedia.org/wiki/Naturaliste
https://fr.wikipedia.org/wiki/Nutrition
https://fr.wikipedia.org/wiki/Occident
https://fr.wikipedia.org/wiki/Océan
https://fr.wikipedia.org/wiki/Océan_Atlantique
https://fr.wikipedia.org/wiki/Océan_Pacifique
https://fr.wikipedia.org/wiki/Océan_mondial
https://fr.wikipedia.org/wiki/Organisation_du_traité_de_l%27Atlantique_nord
https://fr.wikipedia.org/wiki/Orthographe_russe_avant_1918
https://fr.wikipedia.org/wiki/Physiologie
https://fr.wikipedia.org/wiki/Physique
https://fr.wikipedia.org/wiki/Physique_interdisciplinaire
https://fr.wikipedia.org/wiki/Phénomène
https://fr.wikipedia.org/wiki/Plantation
https://fr.wikipedia.org/wiki/Production_participative
https://fr.wikipedia.org/wiki/Province_de_Reggio_de_Calabre
https://fr.wikipedia.org/wiki/Reggio_de_Calabre
https://fr.wikipedia.org/wiki/Romanisation_(histoire)
https://fr.wikipedia.org/wiki/Rome
https://fr.wikipedia.org/wiki/Rome_antique
https://fr.wikipedia.org/wiki/Rus%27_de_Kiev
https://fr.wikipedia.org/wiki/Russie
https://fr.wikipedia.org/wiki/Réseau_trophique
https://fr.wikipedia.org/wiki/Science
https://fr.wikipedia.org/wiki/Science_de_l%27environnement
https://fr.wikipedia.org/wiki/Science_de_la_nature
https://fr.wikipedia.org/wiki/Science_économique
https://fr.wikipedia.org/wiki/Scilla_(Italie)
https://fr.wikipedia.org/wiki/Service_(économie)
https://fr.wikipedia.org/wiki/Sociologie
https://fr.wikipedia.org/wiki/Système_complexe
https://fr.wikipedia.org/wiki/Traité_de_l%27Atlantique_nord
https://fr.wikipedia.org/wiki/Ukrainien
https://fr.wikipedia.org/wiki/Vieux-la-Romaine
https://fr.wikipedia.org/wiki/Vieux_russe
https://fr.wikipedia.org/wiki/Ville_mondiale
https://fr.wikipedia.org/wiki/Washington_(district_de_Columbia)
https://fr.wikipedia.org/wiki/Washington_(État)
https://fr.wikipedia.org/wiki/Économie_agricole
https://fy.wikipedia.org/wiki/Berlyn
https://ga.wikipedia.org/wiki/Beirlín
https://gd.wikipedia.org/wiki/Berlin
https://gl.wikipedia.org/wiki/Berlín
https://he.wikipedia.org/wiki/ברלין
https://hi.wikipedia.org/wiki/बर्लिन
https://hr.wikipedia.org/wiki/Berlin
https://hsb.wikipedia.org/wiki/Berlin
https://ht.wikipedia.org/wiki/Bèlen
https://hu.wikipedia.org/wiki/Berlin
https://hy.wikipedia.org/wiki/Բեռլին
https://ia.wikipedia.org/wiki/Berlin
https://id.wikipedia.org/wiki/Berlin
https://io.wikipedia.org/wiki/Berlin
https://is.wikipedia.org/wiki/Berlín
https://it.wikipedia.org/wiki/Berlino
https://ja.wikipedia.org/wiki/ベルリン
https://jv.wikipedia.org/wiki/Berlin
https://ka.wikipedia.org/wiki/ბერლინი
https://kk.wikipedia.org/wiki/Берлин
https://kn.wikipedia.org/wiki/ಬರ್ಲಿನ್
https://ko.wikipedia.org/wiki/베를린
https://ku.wikipedia.org/wiki/Berlîn
https://ky.wikipedia.org/wiki/Берлин
https://la.wikipedia.org/wiki/Berolinum
https://lb.wikipedia.org/wiki/Berlin
https://li.wikipedia.org/wiki/Berlien
https://lmo.wikipedia.org/wiki/Berlin
https://lt.wikipedia.org/wiki/Berlynas
https://lv.wikipedia.org/wiki/Berlīne
https://mg.wikipedia.org/wiki/Berlin
https://mk.wikipedia.org/wiki/Берлин
https://ml.wikipedia.org/wiki/ബെർലിൻ
https://mn.wikipedia.org/wiki/Берлин
https://mr.wikipedia.org/wiki/बर्लिन
https://mrj.wikipedia.org/wiki/Берлин
https://ms.wikipedia.org/wiki/Berlin
https://my.wikipedia.org/wiki/ဘာလင်မြို့
https://mzn.wikipedia.org/wiki/برلین
https://nap.wikipedia.org/wiki/Berlino
https://nds.wikipedia.org/wiki/Berlin
https://ne.wikipedia.org/wiki/बर्लिन
https://new.wikipedia.org/wiki/बर्लिन
https://nl.wikipedia.org/wiki/Arthur_Schopenhauer
https://nl.wikipedia.org/wiki/Berlijn
https://nn.wikipedia.org/wiki/Berlin
https://no.wikipedia.org/wiki/Berlin
https://oc.wikipedia.org/wiki/Berlin
https://or.wikipedia.org/wiki/ବର୍ଲିନ
https://os.wikipedia.org/wiki/Берлин
https://pa.wikipedia.org/wiki/ਬਰਲਿਨ
https://pl.wikipedia.org/wiki/Berlin
https://pms.wikipedia.org/wiki/Berlin
https://pnb.wikipedia.org/wiki/برلن
https://pt.wikipedia.org/wiki/Berlim
https://qu.wikipedia.org/wiki/Berlin
https://ro.wikipedia.org/wiki/Berlin
https://ru.wikipedia.org/wiki/Берлин
https://sa.wikipedia.org/wiki/बर्लिन
https://sah.wikipedia.org/wiki/Берлин
https://scn.wikipedia.org/wiki/Birlinu
https://sco.wikipedia.org/wiki/Berlin
https://sh.wikipedia.org/wiki/Berlin
https://si.wikipedia.org/wiki/බර්ලිනය
https://simple.wikipedia.org/wiki/Berlin
https://sk.wikipedia.org/wiki/Berlín
https://sl.wikipedia.org/wiki/Berlin
https://sq.wikipedia.org/wiki/Berlini
https://sr.wikipedia.org/wiki/Берлин
https://sv.wikipedia.org/wiki/Berlin
https://sw.wikipedia.org/wiki/Berlin
https://ta.wikipedia.org/wiki/பெர்லின்
https://te.wikipedia.org/wiki/బెర్లిన్
https://tg.wikipedia.org/wiki/Берлин
https://th.wikipedia.org/wiki/เบอร์ลิน
https://tl.wikipedia.org/wiki/Berlin
https://tr.wikipedia.org/wiki/Berlin
https://tt.wikipedia.org/wiki/Берлин
https://uk.wikipedia.org/wiki/Європа
https://uk.wikipedia.org/wiki/Івано-Франківська_область
https://uk.wikipedia.org/wiki/Азія
https://uk.wikipedia.org/wiki/Алгебраїчні_числа
https://uk.wikipedia.org/wiki/Алгебрично_замкнуте_поле
https://uk.wikipedia.org/wiki/Аравійський_півострів
https://uk.wikipedia.org/wiki/Арифметика
https://uk.wikipedia.org/wiki/Арістотель
https://uk.wikipedia.org/wiki/Атлантичний_океан
https://uk.wikipedia.org/wiki/Африка
https://uk.wikipedia.org/wiki/Берлін
https://uk.wikipedia.org/wiki/Білецький_Володимир_Стефанович
https://uk.wikipedia.org/wiki/Варіаційне_числення
https://uk.wikipedia.org/wiki/Верховна_Рада_України
https://uk.wikipedia.org/wiki/Виборче_право
https://uk.wikipedia.org/wiki/Внутрішні_Східні_Карпати
https://uk.wikipedia.org/wiki/Волинь
https://uk.wikipedia.org/wiki/Галичина
https://uk.wikipedia.org/wiki/Гармонія
https://uk.wikipedia.org/wiki/Геометрична_фігура
https://uk.wikipedia.org/wiki/Данія
https://uk.wikipedia.org/wiki/Демографія
https://uk.wikipedia.org/wiki/Дисертація
https://uk.wikipedia.org/wiki/Диференціальна_геометрія
https://uk.wikipedia.org/wiki/Докельтське_населення_Західної_Європи
https://uk.wikipedia.org/wiki/Доктор_наук
https://uk.wikipedia.org/wiki/Доктор_філософії
https://uk.wikipedia.org/wiki/Економічна_та_соціальна_географія
https://uk.wikipedia.org/wiki/Залізна_доба
https://uk.wikipedia.org/wiki/Західна_Україна
https://uk.wikipedia.org/wiki/Змінна
https://uk.wikipedia.org/wiki/Карибське_море
https://uk.wikipedia.org/wiki/Комплексне_число
https://uk.wikipedia.org/wiki/Культура
https://uk.wikipedia.org/wiki/Куля
https://uk.wikipedia.org/wiki/Лузітанія
https://uk.wikipedia.org/wiki/Люблінська_унія
https://uk.wikipedia.org/wiki/Людство
https://uk.wikipedia.org/wiki/Лівонська_війна
https://uk.wikipedia.org/wiki/Малопольща
https://uk.wikipedia.org/wiki/Математика
https://uk.wikipedia.org/wiki/Математична_задача
https://uk.wikipedia.org/wiki/Математичний_аналіз
https://uk.wikipedia.org/wiki/Многокутник
https://uk.wikipedia.org/wiki/Многочлен
https://uk.wikipedia.org/wiki/Населення_Землі
https://uk.wikipedia.org/wiki/Науковий_ступінь
https://uk.wikipedia.org/wiki/Освіта
https://uk.wikipedia.org/wiki/Падіння_річки
https://uk.wikipedia.org/wiki/Патрон_(покровитель)
https://uk.wikipedia.org/wiki/Патронат
https://uk.wikipedia.org/wiki/Перська_затока
https://uk.wikipedia.org/wiki/Плоска_фігура
https://uk.wikipedia.org/wiki/Поверхня
https://uk.wikipedia.org/wiki/Поділи_Речі_Посполитої
https://uk.wikipedia.org/wiki/Поле_(алгебра)
https://uk.wikipedia.org/wiki/Португалія
https://uk.wikipedia.org/wiki/Похил_річки
https://uk.wikipedia.org/wiki/Права_людини
https://uk.wikipedia.org/wiki/Право
https://uk.wikipedia.org/wiki/Право_голосу
https://uk.wikipedia.org/wiki/Прип%27ять
https://uk.wikipedia.org/wiki/Проблеми_Гільберта
https://uk.wikipedia.org/wiki/Процес
https://uk.wikipedia.org/wiki/Пуерто-Рико
https://uk.wikipedia.org/wiki/Пуерто-Рико_(жолоб)
https://uk.wikipedia.org/wiki/Річ_Посполита
https://uk.wikipedia.org/wiki/Свобода
https://uk.wikipedia.org/wiki/Сегмент_(геометрія)
https://uk.wikipedia.org/wiki/Соціалізація
https://uk.wikipedia.org/wiki/Стародавній_Рим
https://uk.wikipedia.org/wiki/Суспільство
https://uk.wikipedia.org/wiki/Східна_півкуля
https://uk.wikipedia.org/wiki/Теорія_чисел
https://uk.wikipedia.org/wiki/Тигр_(річка)
https://uk.wikipedia.org/wiki/Українська_Вікіпедія
https://uk.wikipedia.org/wiki/Українські_Карпати
https://uk.wikipedia.org/wiki/Уявна_одиниця
https://uk.wikipedia.org/wiki/Функціональний_аналіз
https://uk.wikipedia.org/wiki/Фігура
https://uk.wikipedia.org/wiki/Хорда_(геометрія)
https://uk.wikipedia.org/wiki/Християн_Юргенсен_Томсен
https://ur.wikipedia.org/wiki/برلن
https://uz.wikipedia.org/wiki/Berlin
https://vec.wikipedia.org/wiki/Berlin
https://vi.wikipedia.org/wiki/Berlin
https://vo.wikipedia.org/wiki/Berlin
https://war.wikipedia.org/wiki/Berlin
https://wikidata.org/wiki/Lexeme:L11
https://wikidata.org/wiki/Lexeme:L220661
https://wikidata.org/wiki/Lexeme:L221495
https://wikidata.org/wiki/Lexeme:L221521
https://wikidata.org/wiki/Lexeme:L221524
https://wikidata.org/wiki/Lexeme:L222070
https://wikidata.org/wiki/Lexeme:L222071
https://wikidata.org/wiki/Lexeme:L222072
https://wikidata.org/wiki/Lexeme:L222073
https://wikidata.org/wiki/Lexeme:L222074
https://wikidata.org/wiki/Lexeme:L222075
https://wikidata.org/wiki/Lexeme:L222076
https://wikidata.org/wiki/Lexeme:L222077
https://wikidata.org/wiki/Lexeme:L222078
https://wikidata.org/wiki/Lexeme:L222261
https://wikidata.org/wiki/Lexeme:L222262
https://wikidata.org/wiki/Lexeme:L222327
https://wikidata.org/wiki/Lexeme:L222354
https://wikidata.org/wiki/Lexeme:L222359
https://wikidata.org/wiki/Lexeme:L222360
https://wikidata.org/wiki/Lexeme:L222361
https://wikidata.org/wiki/Lexeme:L222473
https://wikidata.org/wiki/Lexeme:L240
https://wikidata.org/wiki/Lexeme:L247
https://wikidata.org/wiki/Lexeme:L249
https://wikidata.org/wiki/Lexeme:L536
https://wikidata.org/wiki/Lexeme:L61
https://wikidata.org/wiki/Lexeme:L63240
https://wikidata.org/wiki/Property:P7531
https://wikidata.org/wiki/Property:P7532
https://wikidata.org/wiki/Property:P7555
https://wikidata.org/wiki/Property:P7556
https://wikidata.org/wiki/Property:P7558
https://wikidata.org/wiki/Q74056970
https://wikidata.org/wiki/Q74056971
https://wikidata.org/wiki/Q74647643
https://wikidata.org/wiki/Q74652531
https://wikidata.org/wiki/Q74652532
https://wikidata.org/wiki/Q74652533
https://wikidata.org/wiki/Q74660271
https://wikidata.org/wiki/Q74660272
https://wikidata.org/wiki/Q74665016
https://wikidata.org/wiki/Q75135502
https://wikidata.org/wiki/Q75197619
https://wikidata.org/wiki/Q75197918
https://wikidata.org/wiki/Q75204534
https://yi.wikipedia.org/wiki/בערלין
https://yo.wikipedia.org/wiki/Berlin
https://zh.wikipedia.org/wiki/柏林
